
> my-app@0.1.0 dev
> next dev

▲ Next.js 16.3.0 (Turbopack)
- Local:         http://localhost:3000
- Network:       http://192.168.0.2:3000
✓ Ready in 552ms
✓ Running next.config.ts took 47ms

○ Compiling /login ...
 GET /login 200 in 4.0s (next.js: 3.5s, application-code: 572ms)
[browser] Image with src "https://github.com/MarceloGomes-Dev/ERP-SubliGestao/blob/main/logo%20ts.png?raw=true" was detected as the Largest Contentful Paint (LCP). Please add the `loading="eager"` property if this image is above the fold.
Read more: https://nextjs.org/docs/app/api-reference/components/image#loading
[browser] Image with src "https://github.com/MarceloGomes-Dev/ERP-SubliGestao/blob/main/logo%20ts.png?raw=true" has either width or height modified, but not the other. If you use CSS to change the size of your image, also include the styles 'width: "auto"' or 'height: "auto"' to maintain the aspect ratio.
○ Compiling /dashboard ...
 GET /dashboard 200 in 7.3s (next.js: 7.3s, application-code: 57ms)
 GET /dashboard/rh 200 in 3.4s (next.js: 2.9s, application-code: 546ms)
 GET /login 200 in 68ms (next.js: 12ms, application-code: 56ms)
 GET /login 200 in 33ms (next.js: 7ms, application-code: 26ms)
[browser] Image with src "https://github.com/MarceloGomes-Dev/ERP-SubliGestao/blob/main/logo%20ts.png?raw=true" was detected as the Largest Contentful Paint (LCP). Please add the `loading="eager"` property if this image is above the fold.
Read more: https://nextjs.org/docs/app/api-reference/components/image#loading
[browser] Image with src "https://github.com/MarceloGomes-Dev/ERP-SubliGestao/blob/main/logo%20ts.png?raw=true" has either width or height modified, but not the other. If you use CSS to change the size of your image, also include the styles 'width: "auto"' or 'height: "auto"' to maintain the aspect ratio.
